2026-07-21 20:47:46.304 [AUDIT] [reqId=777f937a-3112-4f67-b19c-2ae2e09ef05b] EMAIL_VERIFICATION_SUCCESS: User 'verify_me' activated their account.
2026-07-21 20:47:47.217 [AUDIT] [reqId=4a5b5570-98f4-438d-a88b-63b4358f339d] LOGIN_SUCCESS: User 'verify_me' successfully logged in.
2026-07-21 20:47:47.907 [AUDIT] [reqId=13e2aa42-aad9-4fc1-a269-630d5ac72faf] LOGIN_FAILED: Verified access block for user 'unverified'
2026-07-21 20:47:48.123 [AUDIT] [reqId=0e1fc969-bd71-4793-87c9-e2e7f248d938] REGISTRATION_SUCCESS: User 'stocktrader' successfully registered. Email: trader@company.com
2026-07-21 20:48:57.695 [AUDIT] [reqId=71bb7231-97b9-40bc-adfc-7de1931a9779] EMAIL_VERIFICATION_SUCCESS: User 'verify_me' activated their account.
2026-07-21 20:48:59.246 [AUDIT] [reqId=bb2e8b1f-f5f7-463f-ad71-f48b75425e66] LOGIN_SUCCESS: User 'verify_me' successfully logged in.
2026-07-21 20:49:00.158 [AUDIT] [reqId=f3a521dc-d07c-45ce-8cf8-ae42da250f9a] LOGIN_FAILED: Verified access block for user 'unverified'
2026-07-21 20:49:00.597 [AUDIT] [reqId=7b59ff60-4c4e-4123-bc09-4052d47d4bfd] REGISTRATION_SUCCESS: User 'stocktrader' successfully registered. Email: trader@company.com
2026-07-21 20:51:06.066 [AUDIT] [reqId=e73ae852-bd7e-4880-8cd4-185a2805ddcc] EMAIL_VERIFICATION_SUCCESS: User 'verify_me' activated their account.
2026-07-21 20:51:07.123 [AUDIT] [reqId=add7db50-c67d-43fb-a1ce-e5196930093a] LOGIN_SUCCESS: User 'verify_me' successfully logged in.
2026-07-21 20:51:07.671 [AUDIT] [reqId=316ae68c-4f6c-4507-bcb9-08016037bb8e] LOGIN_FAILED: Verified access block for user 'unverified'
2026-07-21 20:51:07.890 [AUDIT] [reqId=913c4f97-6955-4fba-a583-c21f1f9f94cb] REGISTRATION_SUCCESS: User 'stocktrader' successfully registered. Email: trader@company.com
2026-07-21 21:01:22.476 [AUDIT] [reqId=a1d0a829-f633-4293-89b3-dc53c61cef15] EMAIL_VERIFICATION_SUCCESS: User 'verify_me' activated their account.
2026-07-21 21:01:23.434 [AUDIT] [reqId=3fbc06cf-520d-4add-a568-da6564bc3c6c] LOGIN_SUCCESS: User 'verify_me' successfully logged in.
2026-07-21 21:01:23.972 [AUDIT] [reqId=d5475a76-2ea8-4e6c-b5a3-7837804a645e] LOGIN_FAILED: Verified access block for user 'unverified'
2026-07-21 21:01:24.186 [AUDIT] [reqId=10e7c1b4-6f68-4726-a03d-5b7bb1b60cda] REGISTRATION_SUCCESS: User 'stocktrader' successfully registered. Email: trader@company.com
2026-07-21 21:07:23.965 [AUDIT] [reqId=587f2c1b-413f-49fa-b0d6-35e480f465d2] EMAIL_VERIFICATION_SUCCESS: User 'verify_me' activated their account.
2026-07-21 21:07:24.852 [AUDIT] [reqId=64f42c40-bca4-4d1a-b962-cf6228605076] LOGIN_SUCCESS: User 'verify_me' successfully logged in.
2026-07-21 21:07:25.438 [AUDIT] [reqId=c424f359-d18d-4a68-836a-3d7e43ab998e] LOGIN_FAILED: Verified access block for user 'unverified'
2026-07-21 21:07:25.687 [AUDIT] [reqId=62bd6e72-3589-43de-8cef-518b374b0de6] REGISTRATION_SUCCESS: User 'stocktrader' successfully registered. Email: trader@company.com
2026-07-21 21:14:15.467 [AUDIT] [reqId=2673c893-fc20-46cc-bb89-30b69e44d039] EMAIL_VERIFICATION_SUCCESS: User 'verify_me' activated their account.
2026-07-21 21:14:16.757 [AUDIT] [reqId=f29e1422-f853-4ddb-8d88-0f1982d3ae43] LOGIN_SUCCESS: User 'verify_me' successfully logged in.
2026-07-21 21:14:17.410 [AUDIT] [reqId=c9f56865-5183-424f-b690-b403fd5fccb3] LOGIN_FAILED: Verified access block for user 'unverified'
2026-07-21 21:14:17.690 [AUDIT] [reqId=b0646547-32b8-4355-ae62-3cde26f23afc] REGISTRATION_SUCCESS: User 'stocktrader' successfully registered. Email: trader@company.com
2026-07-21 21:17:00.009 [AUDIT] [reqId=36f44f54-46c4-410b-a243-2ad6c1efcf53] EMAIL_VERIFICATION_SUCCESS: User 'verify_me' activated their account.
2026-07-21 21:17:01.103 [AUDIT] [reqId=57eb136c-d658-422e-80c8-ce8bb77dc908] LOGIN_SUCCESS: User 'verify_me' successfully logged in.
2026-07-21 21:17:01.769 [AUDIT] [reqId=056a88cc-1666-40f6-9919-0917a030f8dc] LOGIN_FAILED: Verified access block for user 'unverified'
2026-07-21 21:17:02.045 [AUDIT] [reqId=26964b20-f6e6-4169-83e4-45c2e39a9e2d] REGISTRATION_SUCCESS: User 'stocktrader' successfully registered. Email: trader@company.com
2026-07-21 21:28:42.682 [AUDIT] [reqId=89136e6f-5a06-4281-927c-ee6b8cd2065d] EMAIL_VERIFICATION_SUCCESS: User 'verify_me' activated their account.
2026-07-21 21:28:43.680 [AUDIT] [reqId=8181ffae-d0ee-4117-94ae-85c88eb8d4c9] LOGIN_SUCCESS: User 'verify_me' successfully logged in.
2026-07-21 21:28:44.306 [AUDIT] [reqId=68da634a-7752-4e12-b638-f25fce3f140f] LOGIN_FAILED: Verified access block for user 'unverified'
2026-07-21 21:28:44.607 [AUDIT] [reqId=c877c5e3-ceac-44c5-9c8a-0245c557767b] REGISTRATION_SUCCESS: User 'stocktrader' successfully registered. Email: trader@company.com
2026-07-21 21:51:21.028 [AUDIT] [reqId=1711aa6c-88bc-4650-9f84-5cf9ba9c75e2] EMAIL_VERIFICATION_SUCCESS: User 'verify_me' activated their account.
2026-07-21 21:51:21.770 [AUDIT] [reqId=e628d6a3-7907-4c9d-99bc-867e7eec414f] LOGIN_SUCCESS: User 'verify_me' successfully logged in.
2026-07-21 21:51:22.266 [AUDIT] [reqId=30fc8664-95ea-4e2c-aa34-42c9d060fa2e] LOGIN_FAILED: Verified access block for user 'unverified'
2026-07-21 21:51:22.485 [AUDIT] [reqId=fb1e901d-3b37-4c7a-952a-a4b558d84596] REGISTRATION_SUCCESS: User 'stocktrader' successfully registered. Email: trader@company.com
2026-07-21 21:53:43.039 [AUDIT] [reqId=d72dd5cc-1076-4b8a-bfbf-8d5dbf05d447] EMAIL_VERIFICATION_SUCCESS: User 'verify_me' activated their account.
2026-07-21 21:53:44.083 [AUDIT] [reqId=8ab67327-0672-4bbd-ba20-6b6dcf3d258d] LOGIN_SUCCESS: User 'verify_me' successfully logged in.
2026-07-21 21:53:44.686 [AUDIT] [reqId=f17b5664-8684-4f2f-a9b1-ea88d773fd85] LOGIN_FAILED: Verified access block for user 'unverified'
2026-07-21 21:53:44.935 [AUDIT] [reqId=240f2cd3-a8bb-4229-bea7-494612963b11] REGISTRATION_SUCCESS: User 'stocktrader' successfully registered. Email: trader@company.com
2026-07-21 21:55:55.783 [AUDIT] [reqId=2fde24de-b8c3-4fc0-b356-5042ecef6131] EMAIL_VERIFICATION_SUCCESS: User 'verify_me' activated their account.
2026-07-21 21:55:56.597 [AUDIT] [reqId=4a0c5496-e346-4850-b6bd-2fac41c62324] LOGIN_SUCCESS: User 'verify_me' successfully logged in.
2026-07-21 21:55:57.443 [AUDIT] [reqId=a352501f-7960-4695-962a-b96bbe2ba7dc] LOGIN_FAILED: Verified access block for user 'unverified'
2026-07-21 21:55:57.654 [AUDIT] [reqId=12f6ed1d-472e-4712-80ab-569fe2651cc8] REGISTRATION_SUCCESS: User 'stocktrader' successfully registered. Email: trader@company.com
2026-07-21 21:58:13.196 [AUDIT] [reqId=58a6c326-7345-47e6-8fa8-0a268a66de74] EMAIL_VERIFICATION_SUCCESS: User 'verify_me' activated their account.
2026-07-21 21:58:14.185 [AUDIT] [reqId=d681358a-35f2-439e-bbb2-860900eb3410] LOGIN_SUCCESS: User 'verify_me' successfully logged in.
2026-07-21 21:58:14.765 [AUDIT] [reqId=f89b9eb1-31c2-4af9-82ab-a30da742db52] LOGIN_FAILED: Verified access block for user 'unverified'
2026-07-21 21:58:15.031 [AUDIT] [reqId=14872fab-6dd4-4421-8917-e7ee026bf473] REGISTRATION_SUCCESS: User 'stocktrader' successfully registered. Email: trader@company.com
2026-07-21 22:16:24.017 [AUDIT] [reqId=e557f4b6-f593-4873-8475-968b2949e09a] EMAIL_VERIFICATION_SUCCESS: User 'verify_me' activated their account.
2026-07-21 22:16:24.785 [AUDIT] [reqId=69f2b172-a104-4db5-835c-ef5144056179] LOGIN_SUCCESS: User 'verify_me' successfully logged in.
2026-07-21 22:16:25.364 [AUDIT] [reqId=e253cd65-2b82-44e1-90ff-bc87ab8450e3] LOGIN_FAILED: Verified access block for user 'unverified'
2026-07-21 22:16:25.659 [AUDIT] [reqId=b88019a4-5576-4cc3-9220-437c1830bd29] REGISTRATION_SUCCESS: User 'stocktrader' successfully registered. Email: trader@company.com
